[n10] geng reports 11716571 connected graphs; 224 parts on 7 procs
  part 1/224  cum 695 graphs, 69 SDPs  0s ETA 100s
  part 2/224  cum 52401 graphs, 388 SDPs  9s ETA 949s
  part 3/224  cum 118260 graphs, 690 SDPs  12s ETA 851s
  part 4/224  cum 144327 graphs, 2314 SDPs  14s ETA 743s
  part 5/224  cum 183556 graphs, 4182 SDPs  14s ETA 634s
  part 6/224  cum 195947 graphs, 6708 SDPs  19s ETA 708s
  part 7/224  cum 237756 graphs, 7987 SDPs  24s ETA 742s
  part 8/224  cum 327911 graphs, 9153 SDPs  25s ETA 672s
  part 9/224  cum 464389 graphs, 9192 SDPs  33s ETA 777s
  part 10/224  cum 650154 graphs, 9197 SDPs  42s ETA 909s
  part 11/224  cum 701911 graphs, 11584 SDPs  43s ETA 838s
  part 12/224  cum 735959 graphs, 11875 SDPs  47s ETA 837s
  part 13/224  cum 778861 graphs, 14315 SDPs  50s ETA 806s
  part 14/224  cum 792397 graphs, 15555 SDPs  55s ETA 821s
  part 15/224  cum 797777 graphs, 16620 SDPs  56s ETA 778s
  part 16/224  cum 828356 graphs, 17561 SDPs  62s ETA 810s
  part 17/224  cum 922663 graphs, 28233 SDPs  63s ETA 769s
  part 18/224  cum 974425 graphs, 28277 SDPs  71s ETA 810s
  part 19/224  cum 1085245 graphs, 39716 SDPs  73s ETA 785s
  part 20/224  cum 1248379 graphs, 40276 SDPs  81s ETA 822s
  part 21/224  cum 1380586 graphs, 40375 SDPs  82s ETA 791s
  part 22/224  cum 1432720 graphs, 40391 SDPs  88s ETA 810s
  part 23/224  cum 1582821 graphs, 40392 SDPs  94s ETA 818s
  part 24/224  cum 1843786 graphs, 51313 SDPs  99s ETA 828s
  part 25/224  cum 2035785 graphs, 51532 SDPs  103s ETA 822s
  part 26/224  cum 2158178 graphs, 62396 SDPs  104s ETA 795s
  part 27/224  cum 2227521 graphs, 70711 SDPs  105s ETA 764s
  part 28/224  cum 2327128 graphs, 71150 SDPs  106s ETA 742s
  part 29/224  cum 2559549 graphs, 71198 SDPs  118s ETA 795s
  part 30/224  cum 2596268 graphs, 73273 SDPs  123s ETA 794s
  part 31/224  cum 2614145 graphs, 74047 SDPs  126s ETA 783s
  part 32/224  cum 2671859 graphs, 76942 SDPs  131s ETA 784s
  part 33/224  cum 2695999 graphs, 78386 SDPs  136s ETA 789s
  part 34/224  cum 2722347 graphs, 79631 SDPs  147s ETA 821s
  part 35/224  cum 2773494 graphs, 84932 SDPs  147s ETA 794s
  part 36/224  cum 2778043 graphs, 84948 SDPs  148s ETA 770s
  part 37/224  cum 2795633 graphs, 88557 SDPs  151s ETA 761s
  part 38/224  cum 2798370 graphs, 88664 SDPs  151s ETA 740s
  part 39/224  cum 2808597 graphs, 88680 SDPs  153s ETA 724s
  part 40/224  cum 2825678 graphs, 88682 SDPs  154s ETA 711s
  part 41/224  cum 2872269 graphs, 89548 SDPs  159s ETA 708s
  part 42/224  cum 2889370 graphs, 89711 SDPs  163s ETA 704s
  part 43/224  cum 2914307 graphs, 90454 SDPs  168s ETA 707s
  part 44/224  cum 2983044 graphs, 96040 SDPs  177s ETA 725s
  part 45/224  cum 3000064 graphs, 96822 SDPs  183s ETA 727s
  part 46/224  cum 3008739 graphs, 96930 SDPs  185s ETA 717s
  part 47/224  cum 3042455 graphs, 100190 SDPs  190s ETA 714s
  part 48/224  cum 3055976 graphs, 101955 SDPs  201s ETA 736s
  part 49/224  cum 3078192 graphs, 103300 SDPs  211s ETA 755s
  part 50/224  cum 3086176 graphs, 104226 SDPs  227s ETA 788s
  part 51/224  cum 3094724 graphs, 105919 SDPs  236s ETA 800s
  part 52/224  cum 3097725 graphs, 105921 SDPs  236s ETA 781s
  part 53/224  cum 3125378 graphs, 121773 SDPs  236s ETA 762s
  part 54/224  cum 3127324 graphs, 121779 SDPs  236s ETA 744s
  part 55/224  cum 3160578 graphs, 131353 SDPs  242s ETA 745s
  part 56/224  cum 3188481 graphs, 140917 SDPs  246s ETA 738s
  part 57/224  cum 3235936 graphs, 143222 SDPs  252s ETA 738s
  part 58/224  cum 3388191 graphs, 167380 SDPs  262s ETA 751s
  part 59/224  cum 3523571 graphs, 168134 SDPs  264s ETA 737s
  part 60/224  cum 3629983 graphs, 172615 SDPs  276s ETA 755s
  part 61/224  cum 3699351 graphs, 176291 SDPs  289s ETA 772s
  part 62/224  cum 3725332 graphs, 176658 SDPs  294s ETA 767s
  part 63/224  cum 3746483 graphs, 176749 SDPs  297s ETA 758s
  part 64/224  cum 3779256 graphs, 176757 SDPs  300s ETA 751s
  part 65/224  cum 3861843 graphs, 207547 SDPs  313s ETA 766s
  part 66/224  cum 4009304 graphs, 212258 SDPs  353s ETA 845s
  part 67/224  cum 4045877 graphs, 214200 SDPs  367s ETA 861s
  part 68/224  cum 4088189 graphs, 221119 SDPs  368s ETA 845s
  part 69/224  cum 4318240 graphs, 231588 SDPs  390s ETA 877s
  part 70/224  cum 4487609 graphs, 247557 SDPs  399s ETA 877s
  part 71/224  cum 4556801 graphs, 256002 SDPs  418s ETA 901s
  part 72/224  cum 4604987 graphs, 292486 SDPs  424s ETA 894s
  part 73/224  cum 4605164 graphs, 292486 SDPs  424s ETA 876s
  part 74/224  cum 4708701 graphs, 300558 SDPs  497s ETA 1007s
  part 75/224  cum 4742188 graphs, 300699 SDPs  501s ETA 995s
  part 76/224  cum 4755748 graphs, 301849 SDPs  508s ETA 990s
  part 77/224  cum 5013706 graphs, 329882 SDPs  511s ETA 976s
  part 78/224  cum 5049285 graphs, 330163 SDPs  516s ETA 966s
  part 79/224  cum 5126066 graphs, 331786 SDPs  534s ETA 980s
  part 80/224  cum 5293052 graphs, 337567 SDPs  541s ETA 974s
  part 81/224  cum 5326250 graphs, 338389 SDPs  544s ETA 960s
  part 82/224  cum 5362425 graphs, 341548 SDPs  545s ETA 944s
  part 83/224  cum 5410217 graphs, 341604 SDPs  547s ETA 928s
  part 84/224  cum 5426532 graphs, 342282 SDPs  549s ETA 916s
  part 85/224  cum 5481041 graphs, 342322 SDPs  550s ETA 900s
  part 86/224  cum 5519551 graphs, 342409 SDPs  552s ETA 886s
  part 87/224  cum 5625574 graphs, 367639 SDPs  553s ETA 871s
  part 88/224  cum 5628057 graphs, 367639 SDPs  554s ETA 856s
  part 89/224  cum 5636858 graphs, 367841 SDPs  554s ETA 841s
  part 90/224  cum 5644413 graphs, 367915 SDPs  555s ETA 826s
  part 91/224  cum 5651622 graphs, 367965 SDPs  555s ETA 812s
  part 92/224  cum 5670507 graphs, 368723 SDPs  564s ETA 809s
  part 93/224  cum 5708874 graphs, 370540 SDPs  564s ETA 795s
  part 94/224  cum 5756936 graphs, 371529 SDPs  565s ETA 781s
  part 95/224  cum 5779851 graphs, 371570 SDPs  566s ETA 769s
  part 96/224  cum 5831370 graphs, 371851 SDPs  573s ETA 764s
  part 97/224  cum 5926440 graphs, 375683 SDPs  591s ETA 773s
  part 98/224  cum 6199795 graphs, 382227 SDPs  640s ETA 823s
  part 99/224  cum 6264022 graphs, 395146 SDPs  644s ETA 813s
  part 100/224  cum 6515651 graphs, 398852 SDPs  647s ETA 802s
  part 101/224  cum 6624009 graphs, 399128 SDPs  656s ETA 799s
  part 102/224  cum 6728089 graphs, 399902 SDPs  661s ETA 790s
  part 103/224  cum 6857776 graphs, 400964 SDPs  664s ETA 780s
  part 104/224  cum 6924727 graphs, 401042 SDPs  665s ETA 767s
  part 105/224  cum 7142300 graphs, 421161 SDPs  672s ETA 762s
  part 106/224  cum 7166113 graphs, 421309 SDPs  676s ETA 753s
  part 107/224  cum 7419622 graphs, 447677 SDPs  692s ETA 757s
  part 108/224  cum 7467027 graphs, 469101 SDPs  742s ETA 797s
  part 109/224  cum 7504257 graphs, 469450 SDPs  748s ETA 789s
  part 110/224  cum 7693894 graphs, 477501 SDPs  752s ETA 779s
  part 111/224  cum 7728565 graphs, 477530 SDPs  756s ETA 769s
  part 112/224  cum 7863528 graphs, 478436 SDPs  765s ETA 765s
  part 113/224  cum 7913510 graphs, 489346 SDPs  772s ETA 758s
  part 114/224  cum 7939840 graphs, 490865 SDPs  783s ETA 755s
  part 115/224  cum 7986810 graphs, 493113 SDPs  784s ETA 743s
  part 116/224  cum 8205620 graphs, 508739 SDPs  791s ETA 737s
  part 117/224  cum 8225678 graphs, 512943 SDPs  811s ETA 741s
  part 118/224  cum 8259806 graphs, 517656 SDPs  820s ETA 737s
  part 119/224  cum 8285598 graphs, 521681 SDPs  826s ETA 729s
  part 120/224  cum 8289395 graphs, 521800 SDPs  827s ETA 717s
  part 121/224  cum 8392741 graphs, 524819 SDPs  850s ETA 724s
  part 122/224  cum 8398861 graphs, 524988 SDPs  852s ETA 712s
  part 123/224  cum 8421634 graphs, 529830 SDPs  853s ETA 700s
  part 124/224  cum 8465791 graphs, 534523 SDPs  854s ETA 689s
  part 125/224  cum 8474770 graphs, 535398 SDPs  857s ETA 678s
  part 126/224  cum 8493723 graphs, 535654 SDPs  858s ETA 667s
  part 127/224  cum 8514460 graphs, 536703 SDPs  860s ETA 657s
  part 128/224  cum 8522957 graphs, 536972 SDPs  861s ETA 646s
  part 129/224  cum 8525834 graphs, 537187 SDPs  861s ETA 634s
  part 130/224  cum 8565910 graphs, 565083 SDPs  866s ETA 626s
  part 131/224  cum 8579181 graphs, 566988 SDPs  866s ETA 615s
  part 132/224  cum 8581054 graphs, 568205 SDPs  872s ETA 608s
  part 133/224  cum 8582770 graphs, 568386 SDPs  874s ETA 598s
  part 134/224  cum 8661492 graphs, 580048 SDPs  874s ETA 587s
  part 135/224  cum 8680789 graphs, 580138 SDPs  876s ETA 578s
  part 136/224  cum 8865778 graphs, 605872 SDPs  881s ETA 570s
  part 137/224  cum 8902192 graphs, 607198 SDPs  896s ETA 569s
  part 138/224  cum 8974356 graphs, 609471 SDPs  900s ETA 561s
  part 139/224  cum 9015421 graphs, 609664 SDPs  905s ETA 553s
  part 140/224  cum 9043116 graphs, 611943 SDPs  910s ETA 546s
  part 141/224  cum 9137939 graphs, 619754 SDPs  913s ETA 537s
  part 142/224  cum 9150956 graphs, 619783 SDPs  914s ETA 528s
  part 143/224  cum 9154458 graphs, 619800 SDPs  915s ETA 518s
  part 144/224  cum 9169058 graphs, 620816 SDPs  916s ETA 509s
  part 145/224  cum 9201745 graphs, 621121 SDPs  920s ETA 501s
  part 146/224  cum 9214123 graphs, 621753 SDPs  921s ETA 492s
  part 147/224  cum 9228618 graphs, 621790 SDPs  923s ETA 483s
  part 148/224  cum 9232384 graphs, 621814 SDPs  923s ETA 474s
  part 149/224  cum 9251365 graphs, 622098 SDPs  923s ETA 465s
  part 150/224  cum 9254613 graphs, 622128 SDPs  923s ETA 456s
  part 151/224  cum 9264937 graphs, 622139 SDPs  924s ETA 447s
  part 152/224  cum 9269165 graphs, 622230 SDPs  925s ETA 438s
  part 153/224  cum 9269204 graphs, 622230 SDPs  925s ETA 429s
  part 154/224  cum 9289343 graphs, 623330 SDPs  926s ETA 421s
  part 155/224  cum 9311504 graphs, 623472 SDPs  929s ETA 414s
  part 156/224  cum 9349196 graphs, 623476 SDPs  933s ETA 407s
  part 157/224  cum 9364145 graphs, 623895 SDPs  936s ETA 400s
  part 158/224  cum 9384235 graphs, 625045 SDPs  938s ETA 392s
  part 159/224  cum 9399444 graphs, 625048 SDPs  939s ETA 384s
  part 160/224  cum 9403879 graphs, 625175 SDPs  940s ETA 376s
  part 161/224  cum 9459390 graphs, 640761 SDPs  942s ETA 369s
  part 162/224  cum 9470092 graphs, 640932 SDPs  943s ETA 361s
  part 163/224  cum 9475221 graphs, 641011 SDPs  943s ETA 353s
  part 164/224  cum 9497395 graphs, 641093 SDPs  943s ETA 345s
  part 165/224  cum 9504334 graphs, 641099 SDPs  944s ETA 338s
  part 166/224  cum 9510607 graphs, 641340 SDPs  946s ETA 331s
  part 167/224  cum 9519065 graphs, 642073 SDPs  947s ETA 323s
  part 168/224  cum 9586278 graphs, 642607 SDPs  947s ETA 316s
  part 169/224  cum 9599621 graphs, 642854 SDPs  950s ETA 309s
  part 170/224  cum 9616962 graphs, 643208 SDPs  953s ETA 303s
  part 171/224  cum 9740008 graphs, 644236 SDPs  962s ETA 298s
  part 172/224  cum 9780796 graphs, 645402 SDPs  962s ETA 291s
  part 173/224  cum 9793725 graphs, 645622 SDPs  965s ETA 284s
  part 174/224  cum 9870337 graphs, 646307 SDPs  977s ETA 281s
  part 175/224  cum 9889901 graphs, 647257 SDPs  983s ETA 275s
  part 176/224  cum 9918053 graphs, 649403 SDPs  989s ETA 270s
  part 177/224  cum 9941562 graphs, 652332 SDPs  989s ETA 263s
  part 178/224  cum 9946372 graphs, 652337 SDPs  990s ETA 256s
  part 179/224  cum 9962216 graphs, 653782 SDPs  993s ETA 250s
  part 180/224  cum 9964479 graphs, 653788 SDPs  993s ETA 243s
  part 181/224  cum 9966908 graphs, 653788 SDPs  993s ETA 236s
  part 182/224  cum 9967653 graphs, 653797 SDPs  993s ETA 229s
  part 183/224  cum 9969028 graphs, 653818 SDPs  993s ETA 223s
  part 184/224  cum 9973463 graphs, 653923 SDPs  994s ETA 216s
  part 185/224  cum 9979977 graphs, 653970 SDPs  995s ETA 210s
  part 186/224  cum 9983907 graphs, 653970 SDPs  995s ETA 203s
  part 187/224  cum 9993507 graphs, 654649 SDPs  996s ETA 197s
  part 188/224  cum 9994367 graphs, 654652 SDPs  996s ETA 191s
  part 189/224  cum 9995779 graphs, 654848 SDPs  997s ETA 185s
  part 190/224  cum 9996362 graphs, 655037 SDPs  997s ETA 178s
  part 191/224  cum 9996783 graphs, 655052 SDPs  997s ETA 172s
  part 192/224  cum 10012820 graphs, 656912 SDPs  1002s ETA 167s
  part 193/224  cum 10016542 graphs, 656912 SDPs  1002s ETA 161s
  part 194/224  cum 10021910 graphs, 656923 SDPs  1003s ETA 155s
  part 195/224  cum 10022582 graphs, 657103 SDPs  1003s ETA 149s
  part 196/224  cum 10024686 graphs, 657179 SDPs  1004s ETA 143s
  part 197/224  cum 10028067 graphs, 657195 SDPs  1004s ETA 138s
  part 198/224  cum 10073988 graphs, 665689 SDPs  1006s ETA 132s
  part 199/224  cum 10094301 graphs, 668175 SDPs  1011s ETA 127s
  part 200/224  cum 10099372 graphs, 668442 SDPs  1016s ETA 122s
  part 201/224  cum 10130050 graphs, 670487 SDPs  1017s ETA 116s
  part 202/224  cum 10136279 graphs, 671456 SDPs  1023s ETA 111s
  part 203/224  cum 10139780 graphs, 671553 SDPs  1023s ETA 106s
  part 204/224  cum 10140636 graphs, 671597 SDPs  1024s ETA 100s
  part 205/224  cum 10187050 graphs, 672534 SDPs  1026s ETA 95s
  part 206/224  cum 10192638 graphs, 673002 SDPs  1030s ETA 90s
  part 207/224  cum 10248389 graphs, 677575 SDPs  1044s ETA 86s
  part 208/224  cum 10266783 graphs, 677634 SDPs  1046s ETA 80s
  part 209/224  cum 10274304 graphs, 684741 SDPs  1064s ETA 76s
  part 210/224  cum 10449464 graphs, 685574 SDPs  1072s ETA 71s
  part 211/224  cum 10475588 graphs, 710009 SDPs  1094s ETA 67s
  part 212/224  cum 10516382 graphs, 722502 SDPs  1095s ETA 62s
  part 213/224  cum 10631262 graphs, 738138 SDPs  1097s ETA 57s
  part 214/224  cum 10688641 graphs, 745365 SDPs  1113s ETA 52s
  part 215/224  cum 10763560 graphs, 757438 SDPs  1127s ETA 47s
  part 216/224  cum 10790968 graphs, 757462 SDPs  1131s ETA 42s
  part 217/224  cum 11068352 graphs, 758195 SDPs  1153s ETA 37s
  part 218/224  cum 11196120 graphs, 813560 SDPs  1170s ETA 32s
  part 219/224  cum 11237205 graphs, 821381 SDPs  1188s ETA 27s
  part 220/224  cum 11322958 graphs, 840829 SDPs  1191s ETA 22s
  part 221/224  cum 11410242 graphs, 843922 SDPs  1192s ETA 16s
  part 222/224  cum 11426526 graphs, 858620 SDPs  1205s ETA 11s
  part 223/224  cum 11601662 graphs, 898720 SDPs  1309s ETA 6s
  part 224/224  cum 11716571 graphs, 975676 SDPs  1542s ETA 0s
[n10] swept 11716571 graphs (975676 needed SDP = 8.33%) in 1542s
[n10] 975338 graphs with Delta > 1e-6
[n10] re-solving top 1000 on CLARABEL ...
[n10] max |theta_SCS - theta_CLARABEL| over top 1000: 1.08e-07; 1 exceed tau_hi
[n10] max Delta = 0.7071067934 at ICRb`yiu? (|E|=20, alpha=3)
