[n10] geng reports 11716571 connected graphs; 224 parts on 7 procs
multiprocessing.pool.RemoteTraceback: 
"""
Traceback (most recent call last):
  File "/usr/lib/python3.12/multiprocessing/pool.py", line 125, in worker
    result = (True, func(*args, **kwds))
                    ^^^^^^^^^^^^^^^^^^^
  File "/home/artem/QUADC5/quadc5/sweep10.py", line 30, in run_part
    return tuple(int(x) for x in fh.read().split())
           ^^^^^^^^^^^^^^^^^^^^^^^^^^^^^^^^^^^^^^^^
  File "/home/artem/QUADC5/quadc5/sweep10.py", line 30, in <genexpr>
    return tuple(int(x) for x in fh.read().split())
                 ^^^^^^
ValueError: invalid literal for int() with base 10: '58.029'
"""

The above exception was the direct cause of the following exception:

Traceback (most recent call last):
  File "/home/artem/QUADC5/runners/run_1c.py", line 31, in <module>
    for k, (nt, ns, el) in enumerate(pool.imap_unordered(run_part, jobs)):
  File "/usr/lib/python3.12/multiprocessing/pool.py", line 873, in next
    raise value
ValueError: invalid literal for int() with base 10: '58.029'
