[n9] 261080 graphs, 523 chunks, 0 already on disk, 523 to do
[n9] 20/523 chunks  7s elapsed  ETA 173s
[n9] 40/523 chunks  8s elapsed  ETA 96s
[n9] 60/523 chunks  23s elapsed  ETA 174s
[n9] 80/523 chunks  29s elapsed  ETA 160s
[n9] 100/523 chunks  37s elapsed  ETA 158s
[n9] 120/523 chunks  87s elapsed  ETA 292s
[n9] 140/523 chunks  110s elapsed  ETA 302s
[n9] 160/523 chunks  110s elapsed  ETA 251s
[n9] 180/523 chunks  203s elapsed  ETA 386s
[n9] 200/523 chunks  203s elapsed  ETA 327s
[n9] 220/523 chunks  203s elapsed  ETA 279s
[n9] 240/523 chunks  203s elapsed  ETA 239s
[n9] 260/523 chunks  203s elapsed  ETA 205s
[n9] 280/523 chunks  203s elapsed  ETA 176s
[n9] 300/523 chunks  203s elapsed  ETA 151s
[n9] 320/523 chunks  203s elapsed  ETA 129s
[n9] 340/523 chunks  203s elapsed  ETA 109s
[n9] 360/523 chunks  205s elapsed  ETA 93s
[n9] 380/523 chunks  214s elapsed  ETA 81s
[n9] 400/523 chunks  244s elapsed  ETA 75s
[n9] 420/523 chunks  247s elapsed  ETA 61s
[n9] 440/523 chunks  270s elapsed  ETA 51s
[n9] 460/523 chunks  270s elapsed  ETA 37s
[n9] 480/523 chunks  292s elapsed  ETA 26s
[n9] 500/523 chunks  381s elapsed  ETA 18s
[n9] 520/523 chunks  381s elapsed  ETA 2s
[n9] 523/523 chunks  381s elapsed  ETA 0s
[n9] wrote /home/artem/QUADC5/results/n9_all.csv (261080 rows) in 382s
[n9] 261080 graphs swept; max Delta (bulk) = 0.66666668
[n9] re-solving top 1000 on CLARABEL ...
   200/1000  2s
   400/1000  3s
   600/1000  4s
   800/1000  6s
   1000/1000  7s
[n9] max |theta_SCS - theta_CLARABEL| over top 1000: 9.67e-08
[n9] 0 of 1000 exceed tau_hi=1e-7 -- listed individually, not averaged
[n9] top-1000 written; max Delta = 0.6666666924 at HCRbdO{ (|E|=15, alpha=3)
