=== 0.a / SDP calibration on the analytic family ===
PASS SDPcal max err [SCSdirect]             pred=<= 1e-07 got=8.887e-09 tol=1e-07 
PASS SDPcal max err [CLARABEL]              pred=<= 1e-07 got=1.397e-08 tol=1e-07 
PASS A1' identity C5 formula = sqrt5        pred=0 got=0.000e+00 tol=1e-12 

=== 0.a / A1  n=5 ===
PASS A1'' alpha(C5)                         pred=2 got=2 tol=exact 
PASS A1 theta(C5)                           pred=2.236067977500 got=2.236067979342 tol=1e-07 
PASS A1''' Delta(C5)                        pred=0.236067977500 got=0.236067979342 tol=1e-06 GATE

=== 0.a / A2  n=7 (exhaustive over 853) ===
[n7] 853 graphs, 5 chunks, 0 already on disk, 5 to do
[n7] 5/5 chunks  1s elapsed  ETA 0s
[n7] wrote /home/artem/QUADC5/results/n7_all.csv (853 rows) in 1s
PASS A2 connected graphs n=7                pred=853 got=853 tol=exact 
PASS A2' argmax Delta n=7 is C7 (up to isomorphism) pred=C7 got=FCp`_ tol=isomorphism graph6 encodes a labelling; compared as graphs, not as strings
PASS A2'' theta(C7)                         pred=3.3176672074 got=3.3176672104 tol=1e-07 
PASS A2''' Delta(C7) vs paper 0.31767       pred=0.31767 got=0.31766721 tol=5e-06 GATE (tau_paper: 5 printed digits)
PASS A2'''b Delta(C7) vs analytic           pred=0.3176672074 got=0.3176672104 tol=1e-06 GATE

=== 0.a / A3  n=8 (exhaustive over 11117) ===
[n8] 11117 graphs, 28 chunks, 0 already on disk, 28 to do
[n8] 20/28 chunks  6s elapsed  ETA 2s
[n8] 28/28 chunks  11s elapsed  ETA 0s
[n8] wrote /home/artem/QUADC5/results/n8_all.csv (11117 rows) in 11s
PASS A3 connected graphs n=8                pred=11117 got=11117 tol=exact 
PASS A3' argmax n=8 graph6                  pred=GCQb`o got=GCQb`o tol=exact string GATE
PASS A3'' max Delta n=8 vs authors CSV      pred=0.46784373 got=0.46784377 tol=1e-06 GATE
PASS A3''b max Delta n=8 vs paper 0.46784   pred=0.46784 got=0.46784377 tol=5e-06 
PASS A3''' rank2 graph6                     pred=GCR`r_ got=GCR`r_ tol=exact string GATE
PASS A3''' rank3 graph6                     pred=GCrb`o got=GCrb`o tol=exact string GATE
PASS A3'''b rank2 Delta                     pred=0.43844718 got=0.43844718 tol=1e-06 
PASS A3'''' Wagner == rank3 (up to isomorphism) pred=GCrb`o got=Wagner V8 tol=isomorphism graph6 encodes a labelling; compared as graphs, not as strings
PASS A3'''' Delta(Wagner) vs CSV            pred=0.41421356 got=0.41421364 tol=1e-06 GATE
PASS obs-8 theta(Wagner) = 2+sqrt2 (our observation, not in sources) pred=3.4142135624 got=3.4142136393 tol=1e-07 
PASS A4 ranks 4-6 as a set                  pred=['GCQbdo', 'GCRb`w', 'GCp`dO'] got=['GCQbdo', 'GCRb`w', 'GCp`dO'] tol=set equality 
PASS bulk vs high-accuracy solver on n=8 top50 pred=<= 1e-05 got=8.20e-08 tol=1e-05 

GATE 0.a PASSED
