n=5: maximizer DUW (brute force over all connected graphs)
n=6: maximizer EUZw (brute force over all connected graphs)
n=7: maximizer FCp`_ (brute force over all connected graphs)
n=8: maximizer GCQb`o
n=9: maximizer HCRbdO{
n=10: maximizer ICRb`yiu?

--- profiling n=5 ---
  DUW  |E|=5  alpha=2  Delta=0.2360679793  deg=[2, 2, 2, 2, 2]
  density=0.500  regular=True  vertex-transitive=True  |Aut|=10  triangles=0
  induced C5=1 (D1=True D2=False D3=False)  cycle+clique splits=[(5, 0)]
  d*=3 (indicated)  eta={'2': -inf, '3': 2.2360679775001113}

--- profiling n=6 ---
  EUZw  |E|=10  alpha=2  Delta=0.2360679775  deg=[3, 3, 3, 3, 3, 5]
  density=0.667  regular=False  vertex-transitive=False  |Aut|=10  triangles=5
  induced C5=1 (D1=True D2=False D3=False)  cycle+clique splits=[(5, 1)]
  d*=4 (indicated)  eta={'2': -inf, '3': -inf, '4': 2.2360679775001113}

--- profiling n=7 ---
  FCp`_  |E|=7  alpha=3  Delta=0.3176672104  deg=[2, 2, 2, 2, 2, 2, 2]
  density=0.333  regular=True  vertex-transitive=True  |Aut|=14  triangles=0
  induced C5=0 (D1=False D2=False D3=False)  cycle+clique splits=[(7, 0)]
  d*=3 (indicated)  eta={'2': -inf, '3': 3.3176672073945186}

--- profiling n=8 ---
  GCQb`o  |E|=10  alpha=3  Delta=0.4678437738  deg=[2, 2, 2, 2, 3, 3, 3, 3]
  density=0.357  regular=False  vertex-transitive=False  |Aut|=8  triangles=0
  induced C5=4 (D1=True D2=True D3=True)  cycle+clique splits=[]
  d*=3 (indicated)  eta={'2': -inf, '3': 3.2360679775001135}

--- profiling n=9 ---
  HCRbdO{  |E|=15  alpha=3  Delta=0.6666666924  deg=[3, 3, 3, 3, 3, 3, 4, 4, 4]
  density=0.417  regular=False  vertex-transitive=False  |Aut|=12  triangles=1
  induced C5=12 (D1=True D2=True D3=False)  cycle+clique splits=[(6, 3)]
  d*=4 (indicated)  eta={'2': -inf, '3': 3.0000000000002784, '4': 3.6666666666669494}

--- profiling n=10 ---
  ICRb`yiu?  |E|=20  alpha=3  Delta=0.7071067934  deg=[4, 4, 4, 4, 4, 4, 4, 4, 4, 4]
  density=0.444  regular=True  vertex-transitive=False  |Aut|=16  triangles=4
  induced C5=16 (D1=True D2=True D3=False)  cycle+clique splits=[]
  d*=4 (indicated)  eta={'2': -inf, '3': -inf, '4': 3.707106781186776}

wrote results/report_1ef.json
