=== B3/B4: F1 and F2 over all connected graphs on 10 vertices ===
   40/224 parts, 2706949 graphs, 138s
   80/224 parts, 5135351 graphs, 252s
   120/224 parts, 8477676 graphs, 390s
   160/224 parts, 9545822 graphs, 432s
   200/224 parts, 10050735 graphs, 458s
total 11716571 graphs in 555s
F1 (our perfect-graph recognition): 3122221  (26.65%)
geng -c -P 10 (external)       : 3122221   MATCH: True
F2 (chi(Gbar)==alpha)             : 10740895  (91.67%)
F1 not contained in F2            : 0   (B3 expects 0)

=== B2: 100000 random filtered-out graphs through the full pipeline ===
filtered-out population 10740895; sampled 100000 (seed 20260819)
   25000/100000  71s
   50000/100000  141s
   75000/100000  207s
   100000/100000  277s
largest Delta among sampled filtered-out graphs: 1.900e-06
false positives (Delta > 1e-06): 4  rate 4.00e-05
   I?bNEds^?  Delta=1.900e-06
   ICQRDO{Sw  Delta=1.707e-06
   IEhuvpmnG  Delta=1.383e-06
   ICQbfImio  Delta=1.641e-06

GATE 1.b: FAILED
